C:/school/mte325Lab/lab2/SourceCode/STM32CubeExpansion_SPN2_V1.1.1/Projects/STM32F401RE-Nucleo/Examples/MotionControl/MicrosteppingMotor/Src/example.c:93:6:MicrosteppingMotor_Example_01	48	static
C:/school/mte325Lab/lab2/SourceCode/STM32CubeExpansion_SPN2_V1.1.1/Projects/STM32F401RE-Nucleo/Examples/MotionControl/MicrosteppingMotor/Src/example.c:235:10:BSP_ST1S14_PGOOD	0	static
C:/school/mte325Lab/lab2/SourceCode/STM32CubeExpansion_SPN2_V1.1.1/Projects/STM32F401RE-Nucleo/Examples/MotionControl/MicrosteppingMotor/Src/example.c:254:10:usrPow	4	static
C:/school/mte325Lab/lab2/SourceCode/STM32CubeExpansion_SPN2_V1.1.1/Projects/STM32F401RE-Nucleo/Examples/MotionControl/MicrosteppingMotor/Src/example.c:286:6:HAL_GPIO_EXTI_Callback	8	static
