C:/school/mte325Lab/lab2/SourceCode/STM32CubeExpansion_SPN2_V1.1.1/Projects/STM32F401RE-Nucleo/Examples/MotionControl/MicrosteppingMotor/Src/stm32f4xx_it.c:61:6:SysTick_Handler	8	static
C:/school/mte325Lab/lab2/SourceCode/STM32CubeExpansion_SPN2_V1.1.1/Projects/STM32F401RE-Nucleo/Examples/MotionControl/MicrosteppingMotor/Src/stm32f4xx_it.c:77:6:EXTI1_IRQHandler	8	static
C:/school/mte325Lab/lab2/SourceCode/STM32CubeExpansion_SPN2_V1.1.1/Projects/STM32F401RE-Nucleo/Examples/MotionControl/MicrosteppingMotor/Src/stm32f4xx_it.c:85:6:EXTI0_IRQHandler	8	static
C:/school/mte325Lab/lab2/SourceCode/STM32CubeExpansion_SPN2_V1.1.1/Projects/STM32F401RE-Nucleo/Examples/MotionControl/MicrosteppingMotor/Src/stm32f4xx_it.c:90:6:EXTI2_IRQHandler	8	static
C:/school/mte325Lab/lab2/SourceCode/STM32CubeExpansion_SPN2_V1.1.1/Projects/STM32F401RE-Nucleo/Examples/MotionControl/MicrosteppingMotor/Src/stm32f4xx_it.c:95:6:EXTI3_IRQHandler	8	static
C:/school/mte325Lab/lab2/SourceCode/STM32CubeExpansion_SPN2_V1.1.1/Projects/STM32F401RE-Nucleo/Examples/MotionControl/MicrosteppingMotor/Src/stm32f4xx_it.c:103:6:USART2_IRQHandler	8	static
C:/school/mte325Lab/lab2/SourceCode/STM32CubeExpansion_SPN2_V1.1.1/Projects/STM32F401RE-Nucleo/Examples/MotionControl/MicrosteppingMotor/Src/stm32f4xx_it.c:112:6:EXTI15_10_IRQHandler	8	static
C:/school/mte325Lab/lab2/SourceCode/STM32CubeExpansion_SPN2_V1.1.1/Projects/STM32F401RE-Nucleo/Examples/MotionControl/MicrosteppingMotor/Src/stm32f4xx_it.c:121:6:EXTI9_5_IRQHandler	8	static
